CAMO_test/Image/camourflage_01032.jpg CAMO_test/GT/camourflage_01032.png CAMO_test/Edge/camourflage_01032.png
CAMO_test/Image/camourflage_01048.jpg CAMO_test/GT/camourflage_01048.png CAMO_test/Edge/camourflage_01048.png
CAMO_test/Image/camourflage_00688.jpg CAMO_test/GT/camourflage_00688.png CAMO_test/Edge/camourflage_00688.png
CAMO_test/Image/camourflage_01091.jpg CAMO_test/GT/camourflage_01091.png CAMO_test/Edge/camourflage_01091.png
CAMO_test/Image/camourflage_00977.jpg CAMO_test/GT/camourflage_00977.png CAMO_test/Edge/camourflage_00977.png
CAMO_test/Image/camourflage_00120.jpg CAMO_test/GT/camourflage_00120.png CAMO_test/Edge/camourflage_00120.png
CAMO_test/Image/camourflage_00381.jpg CAMO_test/GT/camourflage_00381.png CAMO_test/Edge/camourflage_00381.png
CAMO_test/Image/camourflage_00998.jpg CAMO_test/GT/camourflage_00998.png CAMO_test/Edge/camourflage_00998.png
CAMO_test/Image/camourflage_00361.jpg CAMO_test/GT/camourflage_00361.png CAMO_test/Edge/camourflage_00361.png
CAMO_test/Image/camourflage_00232.jpg CAMO_test/GT/camourflage_00232.png CAMO_test/Edge/camourflage_00232.png
CAMO_test/Image/camourflage_00602.jpg CAMO_test/GT/camourflage_00602.png CAMO_test/Edge/camourflage_00602.png
CAMO_test/Image/camourflage_01027.jpg CAMO_test/GT/camourflage_01027.png CAMO_test/Edge/camourflage_01027.png
CAMO_test/Image/camourflage_01113.jpg CAMO_test/GT/camourflage_01113.png CAMO_test/Edge/camourflage_01113.png
CAMO_test/Image/camourflage_01182.jpg CAMO_test/GT/camourflage_01182.png CAMO_test/Edge/camourflage_01182.png
CAMO_test/Image/camourflage_01195.jpg CAMO_test/GT/camourflage_01195.png CAMO_test/Edge/camourflage_01195.png
CAMO_test/Image/camourflage_01128.jpg CAMO_test/GT/camourflage_01128.png CAMO_test/Edge/camourflage_01128.png
CAMO_test/Image/camourflage_00102.jpg CAMO_test/GT/camourflage_00102.png CAMO_test/Edge/camourflage_00102.png
CAMO_test/Image/camourflage_00266.jpg CAMO_test/GT/camourflage_00266.png CAMO_test/Edge/camourflage_00266.png
CAMO_test/Image/camourflage_01064.jpg CAMO_test/GT/camourflage_01064.png CAMO_test/Edge/camourflage_01064.png
CAMO_test/Image/camourflage_00928.jpg CAMO_test/GT/camourflage_00928.png CAMO_test/Edge/camourflage_00928.png
CAMO_test/Image/camourflage_00012.jpg CAMO_test/GT/camourflage_00012.png CAMO_test/Edge/camourflage_00012.png
CAMO_test/Image/camourflage_01021.jpg CAMO_test/GT/camourflage_01021.png CAMO_test/Edge/camourflage_01021.png
CAMO_test/Image/camourflage_01023.jpg CAMO_test/GT/camourflage_01023.png CAMO_test/Edge/camourflage_01023.png
CAMO_test/Image/camourflage_00270.jpg CAMO_test/GT/camourflage_00270.png CAMO_test/Edge/camourflage_00270.png
CAMO_test/Image/camourflage_01170.jpg CAMO_test/GT/camourflage_01170.png CAMO_test/Edge/camourflage_01170.png
CAMO_test/Image/camourflage_00890.jpg CAMO_test/GT/camourflage_00890.png CAMO_test/Edge/camourflage_00890.png
CAMO_test/Image/camourflage_00196.jpg CAMO_test/GT/camourflage_00196.png CAMO_test/Edge/camourflage_00196.png
CAMO_test/Image/camourflage_01072.jpg CAMO_test/GT/camourflage_01072.png CAMO_test/Edge/camourflage_01072.png
CAMO_test/Image/camourflage_00706.jpg CAMO_test/GT/camourflage_00706.png CAMO_test/Edge/camourflage_00706.png
CAMO_test/Image/camourflage_00098.jpg CAMO_test/GT/camourflage_00098.png CAMO_test/Edge/camourflage_00098.png
CAMO_test/Image/camourflage_00519.jpg CAMO_test/GT/camourflage_00519.png CAMO_test/Edge/camourflage_00519.png
CAMO_test/Image/camourflage_01117.jpg CAMO_test/GT/camourflage_01117.png CAMO_test/Edge/camourflage_01117.png
CAMO_test/Image/camourflage_01098.jpg CAMO_test/GT/camourflage_01098.png CAMO_test/Edge/camourflage_01098.png
CAMO_test/Image/camourflage_00449.jpg CAMO_test/GT/camourflage_00449.png CAMO_test/Edge/camourflage_00449.png
CAMO_test/Image/camourflage_00470.jpg CAMO_test/GT/camourflage_00470.png CAMO_test/Edge/camourflage_00470.png
CAMO_test/Image/camourflage_01193.jpg CAMO_test/GT/camourflage_01193.png CAMO_test/Edge/camourflage_01193.png
CAMO_test/Image/camourflage_01044.jpg CAMO_test/GT/camourflage_01044.png CAMO_test/Edge/camourflage_01044.png
CAMO_test/Image/camourflage_01179.jpg CAMO_test/GT/camourflage_01179.png CAMO_test/Edge/camourflage_01179.png
CAMO_test/Image/camourflage_00160.jpg CAMO_test/GT/camourflage_00160.png CAMO_test/Edge/camourflage_00160.png
CAMO_test/Image/camourflage_00750.jpg CAMO_test/GT/camourflage_00750.png CAMO_test/Edge/camourflage_00750.png
CAMO_test/Image/camourflage_00114.jpg CAMO_test/GT/camourflage_00114.png CAMO_test/Edge/camourflage_00114.png
CAMO_test/Image/camourflage_00931.jpg CAMO_test/GT/camourflage_00931.png CAMO_test/Edge/camourflage_00931.png
CAMO_test/Image/camourflage_01034.jpg CAMO_test/GT/camourflage_01034.png CAMO_test/Edge/camourflage_01034.png
CAMO_test/Image/camourflage_00829.jpg CAMO_test/GT/camourflage_00829.png CAMO_test/Edge/camourflage_00829.png
CAMO_test/Image/camourflage_00285.jpg CAMO_test/GT/camourflage_00285.png CAMO_test/Edge/camourflage_00285.png
CAMO_test/Image/camourflage_00471.jpg CAMO_test/GT/camourflage_00471.png CAMO_test/Edge/camourflage_00471.png
CAMO_test/Image/camourflage_01143.jpg CAMO_test/GT/camourflage_01143.png CAMO_test/Edge/camourflage_01143.png
CAMO_test/Image/camourflage_00502.jpg CAMO_test/GT/camourflage_00502.png CAMO_test/Edge/camourflage_00502.png
CAMO_test/Image/camourflage_01004.jpg CAMO_test/GT/camourflage_01004.png CAMO_test/Edge/camourflage_01004.png
CAMO_test/Image/camourflage_01046.jpg CAMO_test/GT/camourflage_01046.png CAMO_test/Edge/camourflage_01046.png
CAMO_test/Image/camourflage_01056.jpg CAMO_test/GT/camourflage_01056.png CAMO_test/Edge/camourflage_01056.png
CAMO_test/Image/camourflage_01208.jpg CAMO_test/GT/camourflage_01208.png CAMO_test/Edge/camourflage_01208.png
CAMO_test/Image/camourflage_01235.jpg CAMO_test/GT/camourflage_01235.png CAMO_test/Edge/camourflage_01235.png
CAMO_test/Image/camourflage_01145.jpg CAMO_test/GT/camourflage_01145.png CAMO_test/Edge/camourflage_01145.png
CAMO_test/Image/camourflage_01020.jpg CAMO_test/GT/camourflage_01020.png CAMO_test/Edge/camourflage_01020.png
CAMO_test/Image/camourflage_01156.jpg CAMO_test/GT/camourflage_01156.png CAMO_test/Edge/camourflage_01156.png
CAMO_test/Image/camourflage_00444.jpg CAMO_test/GT/camourflage_00444.png CAMO_test/Edge/camourflage_00444.png
CAMO_test/Image/camourflage_01087.jpg CAMO_test/GT/camourflage_01087.png CAMO_test/Edge/camourflage_01087.png
CAMO_test/Image/camourflage_00273.jpg CAMO_test/GT/camourflage_00273.png CAMO_test/Edge/camourflage_00273.png
CAMO_test/Image/camourflage_01161.jpg CAMO_test/GT/camourflage_01161.png CAMO_test/Edge/camourflage_01161.png
CAMO_test/Image/camourflage_00259.jpg CAMO_test/GT/camourflage_00259.png CAMO_test/Edge/camourflage_00259.png
CAMO_test/Image/camourflage_01018.jpg CAMO_test/GT/camourflage_01018.png CAMO_test/Edge/camourflage_01018.png
CAMO_test/Image/camourflage_01112.jpg CAMO_test/GT/camourflage_01112.png CAMO_test/Edge/camourflage_01112.png
CAMO_test/Image/camourflage_00257.jpg CAMO_test/GT/camourflage_00257.png CAMO_test/Edge/camourflage_00257.png
CAMO_test/Image/camourflage_00436.jpg CAMO_test/GT/camourflage_00436.png CAMO_test/Edge/camourflage_00436.png
CAMO_test/Image/camourflage_00500.jpg CAMO_test/GT/camourflage_00500.png CAMO_test/Edge/camourflage_00500.png
CAMO_test/Image/camourflage_01135.jpg CAMO_test/GT/camourflage_01135.png CAMO_test/Edge/camourflage_01135.png
CAMO_test/Image/camourflage_00088.jpg CAMO_test/GT/camourflage_00088.png CAMO_test/Edge/camourflage_00088.png
CAMO_test/Image/camourflage_00807.jpg CAMO_test/GT/camourflage_00807.png CAMO_test/Edge/camourflage_00807.png
CAMO_test/Image/camourflage_00510.jpg CAMO_test/GT/camourflage_00510.png CAMO_test/Edge/camourflage_00510.png
CAMO_test/Image/camourflage_00275.jpg CAMO_test/GT/camourflage_00275.png CAMO_test/Edge/camourflage_00275.png
CAMO_test/Image/camourflage_00332.jpg CAMO_test/GT/camourflage_00332.png CAMO_test/Edge/camourflage_00332.png
CAMO_test/Image/camourflage_01052.jpg CAMO_test/GT/camourflage_01052.png CAMO_test/Edge/camourflage_01052.png
CAMO_test/Image/camourflage_01074.jpg CAMO_test/GT/camourflage_01074.png CAMO_test/Edge/camourflage_01074.png
CAMO_test/Image/camourflage_00631.jpg CAMO_test/GT/camourflage_00631.png CAMO_test/Edge/camourflage_00631.png
CAMO_test/Image/camourflage_00153.jpg CAMO_test/GT/camourflage_00153.png CAMO_test/Edge/camourflage_00153.png
CAMO_test/Image/camourflage_01196.jpg CAMO_test/GT/camourflage_01196.png CAMO_test/Edge/camourflage_01196.png
CAMO_test/Image/camourflage_01082.jpg CAMO_test/GT/camourflage_01082.png CAMO_test/Edge/camourflage_01082.png
CAMO_test/Image/camourflage_00794.jpg CAMO_test/GT/camourflage_00794.png CAMO_test/Edge/camourflage_00794.png
CAMO_test/Image/camourflage_01210.jpg CAMO_test/GT/camourflage_01210.png CAMO_test/Edge/camourflage_01210.png
CAMO_test/Image/camourflage_01115.jpg CAMO_test/GT/camourflage_01115.png CAMO_test/Edge/camourflage_01115.png
CAMO_test/Image/camourflage_00112.jpg CAMO_test/GT/camourflage_00112.png CAMO_test/Edge/camourflage_00112.png
CAMO_test/Image/camourflage_00528.jpg CAMO_test/GT/camourflage_00528.png CAMO_test/Edge/camourflage_00528.png
CAMO_test/Image/camourflage_01009.jpg CAMO_test/GT/camourflage_01009.png CAMO_test/Edge/camourflage_01009.png
CAMO_test/Image/camourflage_01250.jpg CAMO_test/GT/camourflage_01250.png CAMO_test/Edge/camourflage_01250.png
CAMO_test/Image/camourflage_01199.jpg CAMO_test/GT/camourflage_01199.png CAMO_test/Edge/camourflage_01199.png
CAMO_test/Image/camourflage_00197.jpg CAMO_test/GT/camourflage_00197.png CAMO_test/Edge/camourflage_00197.png
CAMO_test/Image/camourflage_01116.jpg CAMO_test/GT/camourflage_01116.png CAMO_test/Edge/camourflage_01116.png
CAMO_test/Image/camourflage_00600.jpg CAMO_test/GT/camourflage_00600.png CAMO_test/Edge/camourflage_00600.png
CAMO_test/Image/camourflage_00959.jpg CAMO_test/GT/camourflage_00959.png CAMO_test/Edge/camourflage_00959.png
CAMO_test/Image/camourflage_01103.jpg CAMO_test/GT/camourflage_01103.png CAMO_test/Edge/camourflage_01103.png
CAMO_test/Image/camourflage_00647.jpg CAMO_test/GT/camourflage_00647.png CAMO_test/Edge/camourflage_00647.png
CAMO_test/Image/camourflage_00135.jpg CAMO_test/GT/camourflage_00135.png CAMO_test/Edge/camourflage_00135.png
CAMO_test/Image/camourflage_00443.jpg CAMO_test/GT/camourflage_00443.png CAMO_test/Edge/camourflage_00443.png
CAMO_test/Image/camourflage_01181.jpg CAMO_test/GT/camourflage_01181.png CAMO_test/Edge/camourflage_01181.png
CAMO_test/Image/camourflage_01154.jpg CAMO_test/GT/camourflage_01154.png CAMO_test/Edge/camourflage_01154.png
CAMO_test/Image/camourflage_01148.jpg CAMO_test/GT/camourflage_01148.png CAMO_test/Edge/camourflage_01148.png
CAMO_test/Image/camourflage_00783.jpg CAMO_test/GT/camourflage_00783.png CAMO_test/Edge/camourflage_00783.png
CAMO_test/Image/camourflage_01140.jpg CAMO_test/GT/camourflage_01140.png CAMO_test/Edge/camourflage_01140.png
CAMO_test/Image/camourflage_00522.jpg CAMO_test/GT/camourflage_00522.png CAMO_test/Edge/camourflage_00522.png
CAMO_test/Image/camourflage_01118.jpg CAMO_test/GT/camourflage_01118.png CAMO_test/Edge/camourflage_01118.png
CAMO_test/Image/camourflage_01081.jpg CAMO_test/GT/camourflage_01081.png CAMO_test/Edge/camourflage_01081.png
CAMO_test/Image/camourflage_00699.jpg CAMO_test/GT/camourflage_00699.png CAMO_test/Edge/camourflage_00699.png
CAMO_test/Image/camourflage_00713.jpg CAMO_test/GT/camourflage_00713.png CAMO_test/Edge/camourflage_00713.png
CAMO_test/Image/camourflage_00847.jpg CAMO_test/GT/camourflage_00847.png CAMO_test/Edge/camourflage_00847.png
CAMO_test/Image/camourflage_00421.jpg CAMO_test/GT/camourflage_00421.png CAMO_test/Edge/camourflage_00421.png
CAMO_test/Image/camourflage_00156.jpg CAMO_test/GT/camourflage_00156.png CAMO_test/Edge/camourflage_00156.png
CAMO_test/Image/camourflage_01177.jpg CAMO_test/GT/camourflage_01177.png CAMO_test/Edge/camourflage_01177.png
CAMO_test/Image/camourflage_01200.jpg CAMO_test/GT/camourflage_01200.png CAMO_test/Edge/camourflage_01200.png
CAMO_test/Image/camourflage_00498.jpg CAMO_test/GT/camourflage_00498.png CAMO_test/Edge/camourflage_00498.png
CAMO_test/Image/camourflage_00269.jpg CAMO_test/GT/camourflage_00269.png CAMO_test/Edge/camourflage_00269.png
CAMO_test/Image/camourflage_00997.jpg CAMO_test/GT/camourflage_00997.png CAMO_test/Edge/camourflage_00997.png
CAMO_test/Image/camourflage_00337.jpg CAMO_test/GT/camourflage_00337.png CAMO_test/Edge/camourflage_00337.png
CAMO_test/Image/camourflage_00550.jpg CAMO_test/GT/camourflage_00550.png CAMO_test/Edge/camourflage_00550.png
CAMO_test/Image/camourflage_00694.jpg CAMO_test/GT/camourflage_00694.png CAMO_test/Edge/camourflage_00694.png
CAMO_test/Image/camourflage_00208.jpg CAMO_test/GT/camourflage_00208.png CAMO_test/Edge/camourflage_00208.png
CAMO_test/Image/camourflage_01163.jpg CAMO_test/GT/camourflage_01163.png CAMO_test/Edge/camourflage_01163.png
CAMO_test/Image/camourflage_00924.jpg CAMO_test/GT/camourflage_00924.png CAMO_test/Edge/camourflage_00924.png
CAMO_test/Image/camourflage_01095.jpg CAMO_test/GT/camourflage_01095.png CAMO_test/Edge/camourflage_01095.png
CAMO_test/Image/camourflage_01132.jpg CAMO_test/GT/camourflage_01132.png CAMO_test/Edge/camourflage_01132.png
CAMO_test/Image/camourflage_00863.jpg CAMO_test/GT/camourflage_00863.png CAMO_test/Edge/camourflage_00863.png
CAMO_test/Image/camourflage_01244.jpg CAMO_test/GT/camourflage_01244.png CAMO_test/Edge/camourflage_01244.png
CAMO_test/Image/camourflage_00782.jpg CAMO_test/GT/camourflage_00782.png CAMO_test/Edge/camourflage_00782.png
CAMO_test/Image/camourflage_01025.jpg CAMO_test/GT/camourflage_01025.png CAMO_test/Edge/camourflage_01025.png
CAMO_test/Image/camourflage_01075.jpg CAMO_test/GT/camourflage_01075.png CAMO_test/Edge/camourflage_01075.png
CAMO_test/Image/camourflage_00100.jpg CAMO_test/GT/camourflage_00100.png CAMO_test/Edge/camourflage_00100.png
CAMO_test/Image/camourflage_00496.jpg CAMO_test/GT/camourflage_00496.png CAMO_test/Edge/camourflage_00496.png
CAMO_test/Image/camourflage_00420.jpg CAMO_test/GT/camourflage_00420.png CAMO_test/Edge/camourflage_00420.png
CAMO_test/Image/camourflage_00869.jpg CAMO_test/GT/camourflage_00869.png CAMO_test/Edge/camourflage_00869.png
CAMO_test/Image/camourflage_00097.jpg CAMO_test/GT/camourflage_00097.png CAMO_test/Edge/camourflage_00097.png
CAMO_test/Image/camourflage_01068.jpg CAMO_test/GT/camourflage_01068.png CAMO_test/Edge/camourflage_01068.png
CAMO_test/Image/camourflage_00141.jpg CAMO_test/GT/camourflage_00141.png CAMO_test/Edge/camourflage_00141.png
CAMO_test/Image/camourflage_00985.jpg CAMO_test/GT/camourflage_00985.png CAMO_test/Edge/camourflage_00985.png
CAMO_test/Image/camourflage_00463.jpg CAMO_test/GT/camourflage_00463.png CAMO_test/Edge/camourflage_00463.png
CAMO_test/Image/camourflage_00064.jpg CAMO_test/GT/camourflage_00064.png CAMO_test/Edge/camourflage_00064.png
CAMO_test/Image/camourflage_01001.jpg CAMO_test/GT/camourflage_01001.png CAMO_test/Edge/camourflage_01001.png
CAMO_test/Image/camourflage_00079.jpg CAMO_test/GT/camourflage_00079.png CAMO_test/Edge/camourflage_00079.png
CAMO_test/Image/camourflage_01242.jpg CAMO_test/GT/camourflage_01242.png CAMO_test/Edge/camourflage_01242.png
CAMO_test/Image/camourflage_00991.jpg CAMO_test/GT/camourflage_00991.png CAMO_test/Edge/camourflage_00991.png
CAMO_test/Image/camourflage_00224.jpg CAMO_test/GT/camourflage_00224.png CAMO_test/Edge/camourflage_00224.png
CAMO_test/Image/camourflage_00071.jpg CAMO_test/GT/camourflage_00071.png CAMO_test/Edge/camourflage_00071.png
CAMO_test/Image/camourflage_00473.jpg CAMO_test/GT/camourflage_00473.png CAMO_test/Edge/camourflage_00473.png
CAMO_test/Image/camourflage_01030.jpg CAMO_test/GT/camourflage_01030.png CAMO_test/Edge/camourflage_01030.png
CAMO_test/Image/camourflage_01104.jpg CAMO_test/GT/camourflage_01104.png CAMO_test/Edge/camourflage_01104.png
CAMO_test/Image/camourflage_01190.jpg CAMO_test/GT/camourflage_01190.png CAMO_test/Edge/camourflage_01190.png
CAMO_test/Image/camourflage_00677.jpg CAMO_test/GT/camourflage_00677.png CAMO_test/Edge/camourflage_00677.png
CAMO_test/Image/camourflage_00539.jpg CAMO_test/GT/camourflage_00539.png CAMO_test/Edge/camourflage_00539.png
CAMO_test/Image/camourflage_00348.jpg CAMO_test/GT/camourflage_00348.png CAMO_test/Edge/camourflage_00348.png
CAMO_test/Image/camourflage_00124.jpg CAMO_test/GT/camourflage_00124.png CAMO_test/Edge/camourflage_00124.png
CAMO_test/Image/camourflage_00209.jpg CAMO_test/GT/camourflage_00209.png CAMO_test/Edge/camourflage_00209.png
CAMO_test/Image/camourflage_01175.jpg CAMO_test/GT/camourflage_01175.png CAMO_test/Edge/camourflage_01175.png
CAMO_test/Image/camourflage_00860.jpg CAMO_test/GT/camourflage_00860.png CAMO_test/Edge/camourflage_00860.png
CAMO_test/Image/camourflage_00406.jpg CAMO_test/GT/camourflage_00406.png CAMO_test/Edge/camourflage_00406.png
CAMO_test/Image/camourflage_01139.jpg CAMO_test/GT/camourflage_01139.png CAMO_test/Edge/camourflage_01139.png
CAMO_test/Image/camourflage_01110.jpg CAMO_test/GT/camourflage_01110.png CAMO_test/Edge/camourflage_01110.png
CAMO_test/Image/camourflage_01211.jpg CAMO_test/GT/camourflage_01211.png CAMO_test/Edge/camourflage_01211.png
CAMO_test/Image/camourflage_01168.jpg CAMO_test/GT/camourflage_01168.png CAMO_test/Edge/camourflage_01168.png
CAMO_test/Image/camourflage_00422.jpg CAMO_test/GT/camourflage_00422.png CAMO_test/Edge/camourflage_00422.png
CAMO_test/Image/camourflage_00207.jpg CAMO_test/GT/camourflage_00207.png CAMO_test/Edge/camourflage_00207.png
CAMO_test/Image/camourflage_00857.jpg CAMO_test/GT/camourflage_00857.png CAMO_test/Edge/camourflage_00857.png
CAMO_test/Image/camourflage_00169.jpg CAMO_test/GT/camourflage_00169.png CAMO_test/Edge/camourflage_00169.png
CAMO_test/Image/camourflage_00018.jpg CAMO_test/GT/camourflage_00018.png CAMO_test/Edge/camourflage_00018.png
CAMO_test/Image/camourflage_01100.jpg CAMO_test/GT/camourflage_01100.png CAMO_test/Edge/camourflage_01100.png
CAMO_test/Image/camourflage_01185.jpg CAMO_test/GT/camourflage_01185.png CAMO_test/Edge/camourflage_01185.png
CAMO_test/Image/camourflage_01090.jpg CAMO_test/GT/camourflage_01090.png CAMO_test/Edge/camourflage_01090.png
CAMO_test/Image/camourflage_01205.jpg CAMO_test/GT/camourflage_01205.png CAMO_test/Edge/camourflage_01205.png
CAMO_test/Image/camourflage_00939.jpg CAMO_test/GT/camourflage_00939.png CAMO_test/Edge/camourflage_00939.png
CAMO_test/Image/camourflage_01131.jpg CAMO_test/GT/camourflage_01131.png CAMO_test/Edge/camourflage_01131.png
CAMO_test/Image/camourflage_01194.jpg CAMO_test/GT/camourflage_01194.png CAMO_test/Edge/camourflage_01194.png
CAMO_test/Image/camourflage_00800.jpg CAMO_test/GT/camourflage_00800.png CAMO_test/Edge/camourflage_00800.png
CAMO_test/Image/camourflage_01066.jpg CAMO_test/GT/camourflage_01066.png CAMO_test/Edge/camourflage_01066.png
CAMO_test/Image/camourflage_01192.jpg CAMO_test/GT/camourflage_01192.png CAMO_test/Edge/camourflage_01192.png
CAMO_test/Image/camourflage_01189.jpg CAMO_test/GT/camourflage_01189.png CAMO_test/Edge/camourflage_01189.png
CAMO_test/Image/camourflage_00171.jpg CAMO_test/GT/camourflage_00171.png CAMO_test/Edge/camourflage_00171.png
CAMO_test/Image/camourflage_01078.jpg CAMO_test/GT/camourflage_01078.png CAMO_test/Edge/camourflage_01078.png
CAMO_test/Image/camourflage_00175.jpg CAMO_test/GT/camourflage_00175.png CAMO_test/Edge/camourflage_00175.png
CAMO_test/Image/camourflage_01016.jpg CAMO_test/GT/camourflage_01016.png CAMO_test/Edge/camourflage_01016.png
CAMO_test/Image/camourflage_01070.jpg CAMO_test/GT/camourflage_01070.png CAMO_test/Edge/camourflage_01070.png
CAMO_test/Image/camourflage_01243.jpg CAMO_test/GT/camourflage_01243.png CAMO_test/Edge/camourflage_01243.png
CAMO_test/Image/camourflage_00597.jpg CAMO_test/GT/camourflage_00597.png CAMO_test/Edge/camourflage_00597.png
CAMO_test/Image/camourflage_01094.jpg CAMO_test/GT/camourflage_01094.png CAMO_test/Edge/camourflage_01094.png
CAMO_test/Image/camourflage_00333.jpg CAMO_test/GT/camourflage_00333.png CAMO_test/Edge/camourflage_00333.png
CAMO_test/Image/camourflage_00183.jpg CAMO_test/GT/camourflage_00183.png CAMO_test/Edge/camourflage_00183.png
CAMO_test/Image/camourflage_00205.jpg CAMO_test/GT/camourflage_00205.png CAMO_test/Edge/camourflage_00205.png
CAMO_test/Image/camourflage_01122.jpg CAMO_test/GT/camourflage_01122.png CAMO_test/Edge/camourflage_01122.png
CAMO_test/Image/camourflage_00779.jpg CAMO_test/GT/camourflage_00779.png CAMO_test/Edge/camourflage_00779.png
CAMO_test/Image/camourflage_01006.jpg CAMO_test/GT/camourflage_01006.png CAMO_test/Edge/camourflage_01006.png
CAMO_test/Image/camourflage_01188.jpg CAMO_test/GT/camourflage_01188.png CAMO_test/Edge/camourflage_01188.png
CAMO_test/Image/camourflage_01141.jpg CAMO_test/GT/camourflage_01141.png CAMO_test/Edge/camourflage_01141.png
CAMO_test/Image/camourflage_01164.jpg CAMO_test/GT/camourflage_01164.png CAMO_test/Edge/camourflage_01164.png
CAMO_test/Image/camourflage_00408.jpg CAMO_test/GT/camourflage_00408.png CAMO_test/Edge/camourflage_00408.png
CAMO_test/Image/camourflage_00364.jpg CAMO_test/GT/camourflage_00364.png CAMO_test/Edge/camourflage_00364.png
CAMO_test/Image/camourflage_01240.jpg CAMO_test/GT/camourflage_01240.png CAMO_test/Edge/camourflage_01240.png
CAMO_test/Image/camourflage_01150.jpg CAMO_test/GT/camourflage_01150.png CAMO_test/Edge/camourflage_01150.png
CAMO_test/Image/camourflage_01003.jpg CAMO_test/GT/camourflage_01003.png CAMO_test/Edge/camourflage_01003.png
CAMO_test/Image/camourflage_00138.jpg CAMO_test/GT/camourflage_00138.png CAMO_test/Edge/camourflage_00138.png
CAMO_test/Image/camourflage_00758.jpg CAMO_test/GT/camourflage_00758.png CAMO_test/Edge/camourflage_00758.png
CAMO_test/Image/camourflage_00235.jpg CAMO_test/GT/camourflage_00235.png CAMO_test/Edge/camourflage_00235.png
CAMO_test/Image/camourflage_00365.jpg CAMO_test/GT/camourflage_00365.png CAMO_test/Edge/camourflage_00365.png
CAMO_test/Image/camourflage_00122.jpg CAMO_test/GT/camourflage_00122.png CAMO_test/Edge/camourflage_00122.png
CAMO_test/Image/camourflage_00944.jpg CAMO_test/GT/camourflage_00944.png CAMO_test/Edge/camourflage_00944.png
CAMO_test/Image/camourflage_01126.jpg CAMO_test/GT/camourflage_01126.png CAMO_test/Edge/camourflage_01126.png
CAMO_test/Image/camourflage_00147.jpg CAMO_test/GT/camourflage_00147.png CAMO_test/Edge/camourflage_00147.png
CAMO_test/Image/camourflage_01105.jpg CAMO_test/GT/camourflage_01105.png CAMO_test/Edge/camourflage_01105.png
CAMO_test/Image/camourflage_00623.jpg CAMO_test/GT/camourflage_00623.png CAMO_test/Edge/camourflage_00623.png
CAMO_test/Image/camourflage_01158.jpg CAMO_test/GT/camourflage_01158.png CAMO_test/Edge/camourflage_01158.png
CAMO_test/Image/camourflage_01014.jpg CAMO_test/GT/camourflage_01014.png CAMO_test/Edge/camourflage_01014.png
CAMO_test/Image/camourflage_00310.jpg CAMO_test/GT/camourflage_00310.png CAMO_test/Edge/camourflage_00310.png
CAMO_test/Image/camourflage_00351.jpg CAMO_test/GT/camourflage_00351.png CAMO_test/Edge/camourflage_00351.png
CAMO_test/Image/camourflage_00846.jpg CAMO_test/GT/camourflage_00846.png CAMO_test/Edge/camourflage_00846.png
CAMO_test/Image/camourflage_01217.jpg CAMO_test/GT/camourflage_01217.png CAMO_test/Edge/camourflage_01217.png
CAMO_test/Image/camourflage_01245.jpg CAMO_test/GT/camourflage_01245.png CAMO_test/Edge/camourflage_01245.png
CAMO_test/Image/camourflage_00166.jpg CAMO_test/GT/camourflage_00166.png CAMO_test/Edge/camourflage_00166.png
CAMO_test/Image/camourflage_01165.jpg CAMO_test/GT/camourflage_01165.png CAMO_test/Edge/camourflage_01165.png
CAMO_test/Image/camourflage_01101.jpg CAMO_test/GT/camourflage_01101.png CAMO_test/Edge/camourflage_01101.png
CAMO_test/Image/camourflage_01058.jpg CAMO_test/GT/camourflage_01058.png CAMO_test/Edge/camourflage_01058.png
CAMO_test/Image/camourflage_00723.jpg CAMO_test/GT/camourflage_00723.png CAMO_test/Edge/camourflage_00723.png
CAMO_test/Image/camourflage_01172.jpg CAMO_test/GT/camourflage_01172.png CAMO_test/Edge/camourflage_01172.png
CAMO_test/Image/camourflage_01041.jpg CAMO_test/GT/camourflage_01041.png CAMO_test/Edge/camourflage_01041.png
CAMO_test/Image/camourflage_01144.jpg CAMO_test/GT/camourflage_01144.png CAMO_test/Edge/camourflage_01144.png
CAMO_test/Image/camourflage_01050.jpg CAMO_test/GT/camourflage_01050.png CAMO_test/Edge/camourflage_01050.png
CAMO_test/Image/camourflage_01107.jpg CAMO_test/GT/camourflage_01107.png CAMO_test/Edge/camourflage_01107.png
CAMO_test/Image/camourflage_00087.jpg CAMO_test/GT/camourflage_00087.png CAMO_test/Edge/camourflage_00087.png
CAMO_test/Image/camourflage_00145.jpg CAMO_test/GT/camourflage_00145.png CAMO_test/Edge/camourflage_00145.png
CAMO_test/Image/camourflage_00398.jpg CAMO_test/GT/camourflage_00398.png CAMO_test/Edge/camourflage_00398.png
CAMO_test/Image/camourflage_00594.jpg CAMO_test/GT/camourflage_00594.png CAMO_test/Edge/camourflage_00594.png
CAMO_test/Image/camourflage_01180.jpg CAMO_test/GT/camourflage_01180.png CAMO_test/Edge/camourflage_01180.png
CAMO_test/Image/camourflage_00430.jpg CAMO_test/GT/camourflage_00430.png CAMO_test/Edge/camourflage_00430.png
CAMO_test/Image/camourflage_01053.jpg CAMO_test/GT/camourflage_01053.png CAMO_test/Edge/camourflage_01053.png
CAMO_test/Image/camourflage_01137.jpg CAMO_test/GT/camourflage_01137.png CAMO_test/Edge/camourflage_01137.png
CAMO_test/Image/camourflage_00090.jpg CAMO_test/GT/camourflage_00090.png CAMO_test/Edge/camourflage_00090.png
CAMO_test/Image/camourflage_00801.jpg CAMO_test/GT/camourflage_00801.png CAMO_test/Edge/camourflage_00801.png
CAMO_test/Image/camourflage_01159.jpg CAMO_test/GT/camourflage_01159.png CAMO_test/Edge/camourflage_01159.png
CAMO_test/Image/camourflage_01183.jpg CAMO_test/GT/camourflage_01183.png CAMO_test/Edge/camourflage_01183.png
CAMO_test/Image/camourflage_00768.jpg CAMO_test/GT/camourflage_00768.png CAMO_test/Edge/camourflage_00768.png
CAMO_test/Image/camourflage_00563.jpg CAMO_test/GT/camourflage_00563.png CAMO_test/Edge/camourflage_00563.png
CAMO_test/Image/camourflage_00515.jpg CAMO_test/GT/camourflage_00515.png CAMO_test/Edge/camourflage_00515.png
CAMO_test/Image/camourflage_00061.jpg CAMO_test/GT/camourflage_00061.png CAMO_test/Edge/camourflage_00061.png
CAMO_test/Image/camourflage_00435.jpg CAMO_test/GT/camourflage_00435.png CAMO_test/Edge/camourflage_00435.png
CAMO_test/Image/camourflage_00641.jpg CAMO_test/GT/camourflage_00641.png CAMO_test/Edge/camourflage_00641.png
CAMO_test/Image/camourflage_01096.jpg CAMO_test/GT/camourflage_01096.png CAMO_test/Edge/camourflage_01096.png
CAMO_test/Image/camourflage_01008.jpg CAMO_test/GT/camourflage_01008.png CAMO_test/Edge/camourflage_01008.png
CAMO_test/Image/camourflage_00903.jpg CAMO_test/GT/camourflage_00903.png CAMO_test/Edge/camourflage_00903.png
CAMO_test/Image/camourflage_00129.jpg CAMO_test/GT/camourflage_00129.png CAMO_test/Edge/camourflage_00129.png
CAMO_test/Image/camourflage_01247.jpg CAMO_test/GT/camourflage_01247.png CAMO_test/Edge/camourflage_01247.png
CAMO_test/Image/camourflage_00478.jpg CAMO_test/GT/camourflage_00478.png CAMO_test/Edge/camourflage_00478.png
CAMO_test/Image/camourflage_01067.jpg CAMO_test/GT/camourflage_01067.png CAMO_test/Edge/camourflage_01067.png
CAMO_test/Image/camourflage_01133.jpg CAMO_test/GT/camourflage_01133.png CAMO_test/Edge/camourflage_01133.png
CAMO_test/Image/camourflage_01151.jpg CAMO_test/GT/camourflage_01151.png CAMO_test/Edge/camourflage_01151.png
CAMO_test/Image/camourflage_01106.jpg CAMO_test/GT/camourflage_01106.png CAMO_test/Edge/camourflage_01106.png
