CHAMELEON/Image/animal-42.jpg CHAMELEON/GT/animal-42.png CHAMELEON/Edge/animal-42.png
CHAMELEON/Image/animal-14.jpg CHAMELEON/GT/animal-14.png CHAMELEON/Edge/animal-14.png
CHAMELEON/Image/animal-40.jpg CHAMELEON/GT/animal-40.png CHAMELEON/Edge/animal-40.png
CHAMELEON/Image/animal-54.jpg CHAMELEON/GT/animal-54.png CHAMELEON/Edge/animal-54.png
CHAMELEON/Image/animal-11.jpg CHAMELEON/GT/animal-11.png CHAMELEON/Edge/animal-11.png
CHAMELEON/Image/animal-72.jpg CHAMELEON/GT/animal-72.png CHAMELEON/Edge/animal-72.png
CHAMELEON/Image/animal-7.jpg CHAMELEON/GT/animal-7.png CHAMELEON/Edge/animal-7.png
CHAMELEON/Image/animal-24.jpg CHAMELEON/GT/animal-24.png CHAMELEON/Edge/animal-24.png
CHAMELEON/Image/animal-26.jpg CHAMELEON/GT/animal-26.png CHAMELEON/Edge/animal-26.png
CHAMELEON/Image/animal-50.jpg CHAMELEON/GT/animal-50.png CHAMELEON/Edge/animal-50.png
CHAMELEON/Image/animal-20.jpg CHAMELEON/GT/animal-20.png CHAMELEON/Edge/animal-20.png
CHAMELEON/Image/animal-5.jpg CHAMELEON/GT/animal-5.png CHAMELEON/Edge/animal-5.png
CHAMELEON/Image/animal-69.jpg CHAMELEON/GT/animal-69.png CHAMELEON/Edge/animal-69.png
CHAMELEON/Image/animal-49.jpg CHAMELEON/GT/animal-49.png CHAMELEON/Edge/animal-49.png
CHAMELEON/Image/animal-8.jpg CHAMELEON/GT/animal-8.png CHAMELEON/Edge/animal-8.png
CHAMELEON/Image/animal-10.jpg CHAMELEON/GT/animal-10.png CHAMELEON/Edge/animal-10.png
CHAMELEON/Image/animal-9.jpg CHAMELEON/GT/animal-9.png CHAMELEON/Edge/animal-9.png
CHAMELEON/Image/animal-59.jpg CHAMELEON/GT/animal-59.png CHAMELEON/Edge/animal-59.png
CHAMELEON/Image/animal-45.jpg CHAMELEON/GT/animal-45.png CHAMELEON/Edge/animal-45.png
CHAMELEON/Image/animal-56.jpg CHAMELEON/GT/animal-56.png CHAMELEON/Edge/animal-56.png
CHAMELEON/Image/animal-37.jpg CHAMELEON/GT/animal-37.png CHAMELEON/Edge/animal-37.png
CHAMELEON/Image/animal-61.jpg CHAMELEON/GT/animal-61.png CHAMELEON/Edge/animal-61.png
CHAMELEON/Image/animal-43.jpg CHAMELEON/GT/animal-43.png CHAMELEON/Edge/animal-43.png
CHAMELEON/Image/animal-18.jpg CHAMELEON/GT/animal-18.png CHAMELEON/Edge/animal-18.png
CHAMELEON/Image/animal-16.jpg CHAMELEON/GT/animal-16.png CHAMELEON/Edge/animal-16.png
CHAMELEON/Image/animal-31.jpg CHAMELEON/GT/animal-31.png CHAMELEON/Edge/animal-31.png
CHAMELEON/Image/animal-67.jpg CHAMELEON/GT/animal-67.png CHAMELEON/Edge/animal-67.png
CHAMELEON/Image/animal-32.jpg CHAMELEON/GT/animal-32.png CHAMELEON/Edge/animal-32.png
CHAMELEON/Image/animal-57.jpg CHAMELEON/GT/animal-57.png CHAMELEON/Edge/animal-57.png
CHAMELEON/Image/animal-25.jpg CHAMELEON/GT/animal-25.png CHAMELEON/Edge/animal-25.png
CHAMELEON/Image/animal-6.jpg CHAMELEON/GT/animal-6.png CHAMELEON/Edge/animal-6.png
CHAMELEON/Image/animal-21.jpg CHAMELEON/GT/animal-21.png CHAMELEON/Edge/animal-21.png
CHAMELEON/Image/animal-48.jpg CHAMELEON/GT/animal-48.png CHAMELEON/Edge/animal-48.png
CHAMELEON/Image/animal-34.jpg CHAMELEON/GT/animal-34.png CHAMELEON/Edge/animal-34.png
CHAMELEON/Image/animal-70.jpg CHAMELEON/GT/animal-70.png CHAMELEON/Edge/animal-70.png
CHAMELEON/Image/animal-30.jpg CHAMELEON/GT/animal-30.png CHAMELEON/Edge/animal-30.png
CHAMELEON/Image/animal-66.jpg CHAMELEON/GT/animal-66.png CHAMELEON/Edge/animal-66.png
CHAMELEON/Image/animal-71.jpg CHAMELEON/GT/animal-71.png CHAMELEON/Edge/animal-71.png
CHAMELEON/Image/animal-73.jpg CHAMELEON/GT/animal-73.png CHAMELEON/Edge/animal-73.png
CHAMELEON/Image/animal-17.jpg CHAMELEON/GT/animal-17.png CHAMELEON/Edge/animal-17.png
CHAMELEON/Image/animal-23.jpg CHAMELEON/GT/animal-23.png CHAMELEON/Edge/animal-23.png
CHAMELEON/Image/animal-55.jpg CHAMELEON/GT/animal-55.png CHAMELEON/Edge/animal-55.png
CHAMELEON/Image/animal-36.jpg CHAMELEON/GT/animal-36.png CHAMELEON/Edge/animal-36.png
CHAMELEON/Image/animal-46.jpg CHAMELEON/GT/animal-46.png CHAMELEON/Edge/animal-46.png
CHAMELEON/Image/animal-39.jpg CHAMELEON/GT/animal-39.png CHAMELEON/Edge/animal-39.png
CHAMELEON/Image/animal-44.jpg CHAMELEON/GT/animal-44.png CHAMELEON/Edge/animal-44.png
CHAMELEON/Image/animal-41.jpg CHAMELEON/GT/animal-41.png CHAMELEON/Edge/animal-41.png
CHAMELEON/Image/animal-52.jpg CHAMELEON/GT/animal-52.png CHAMELEON/Edge/animal-52.png
CHAMELEON/Image/animal-12.jpg CHAMELEON/GT/animal-12.png CHAMELEON/Edge/animal-12.png
CHAMELEON/Image/animal-68.jpg CHAMELEON/GT/animal-68.png CHAMELEON/Edge/animal-68.png
CHAMELEON/Image/animal-33.jpg CHAMELEON/GT/animal-33.png CHAMELEON/Edge/animal-33.png
CHAMELEON/Image/animal-22.jpg CHAMELEON/GT/animal-22.png CHAMELEON/Edge/animal-22.png
CHAMELEON/Image/animal-13.jpg CHAMELEON/GT/animal-13.png CHAMELEON/Edge/animal-13.png
CHAMELEON/Image/animal-19.jpg CHAMELEON/GT/animal-19.png CHAMELEON/Edge/animal-19.png
CHAMELEON/Image/animal-1.jpg CHAMELEON/GT/animal-1.png CHAMELEON/Edge/animal-1.png
CHAMELEON/Image/animal-47.jpg CHAMELEON/GT/animal-47.png CHAMELEON/Edge/animal-47.png
CHAMELEON/Image/animal-28.jpg CHAMELEON/GT/animal-28.png CHAMELEON/Edge/animal-28.png
CHAMELEON/Image/animal-64.jpg CHAMELEON/GT/animal-64.png CHAMELEON/Edge/animal-64.png
CHAMELEON/Image/animal-74.jpg CHAMELEON/GT/animal-74.png CHAMELEON/Edge/animal-74.png
CHAMELEON/Image/animal-15.jpg CHAMELEON/GT/animal-15.png CHAMELEON/Edge/animal-15.png
CHAMELEON/Image/animal-75.jpg CHAMELEON/GT/animal-75.png CHAMELEON/Edge/animal-75.png
CHAMELEON/Image/animal-58.jpg CHAMELEON/GT/animal-58.png CHAMELEON/Edge/animal-58.png
CHAMELEON/Image/animal-4.jpg CHAMELEON/GT/animal-4.png CHAMELEON/Edge/animal-4.png
CHAMELEON/Image/animal-3.jpg CHAMELEON/GT/animal-3.png CHAMELEON/Edge/animal-3.png
CHAMELEON/Image/animal-62.jpg CHAMELEON/GT/animal-62.png CHAMELEON/Edge/animal-62.png
CHAMELEON/Image/animal-27.jpg CHAMELEON/GT/animal-27.png CHAMELEON/Edge/animal-27.png
CHAMELEON/Image/animal-60.jpg CHAMELEON/GT/animal-60.png CHAMELEON/Edge/animal-60.png
CHAMELEON/Image/animal-65.jpg CHAMELEON/GT/animal-65.png CHAMELEON/Edge/animal-65.png
CHAMELEON/Image/animal-51.jpg CHAMELEON/GT/animal-51.png CHAMELEON/Edge/animal-51.png
CHAMELEON/Image/animal-76.jpg CHAMELEON/GT/animal-76.png CHAMELEON/Edge/animal-76.png
CHAMELEON/Image/animal-29.jpg CHAMELEON/GT/animal-29.png CHAMELEON/Edge/animal-29.png
CHAMELEON/Image/animal-63.jpg CHAMELEON/GT/animal-63.png CHAMELEON/Edge/animal-63.png
CHAMELEON/Image/animal-2.jpg CHAMELEON/GT/animal-2.png CHAMELEON/Edge/animal-2.png
CHAMELEON/Image/animal-53.jpg CHAMELEON/GT/animal-53.png CHAMELEON/Edge/animal-53.png
CHAMELEON/Image/animal-38.jpg CHAMELEON/GT/animal-38.png CHAMELEON/Edge/animal-38.png
CHAMELEON/Image/animal-35.jpg CHAMELEON/GT/animal-35.png CHAMELEON/Edge/animal-35.png
